../bld/src/bld.c:141:14:bld_init	16	static
../bld/src/bld.c:178:14:bld_stateMachineGetState	24	static
../bld/src/bld.c:201:19:bld_task	176	static
../bld/src/bld.c:471:14:bld_checkApplication	24	static
../bld/src/bld.c:519:14:bld_jumpToApplication	16	static,ignoring_inline_asm
../bld/src/bld.c:569:14:bld_getBootloaderSize	24	static
../bld/src/bld.c:608:14:bld_getBootloaderCrc	24	static
../bld/src/bld.c:644:14:bld_initData	200	static
../bld/src/bld.c:721:14:bld_initConfig	16	static
../bld/src/bld.c:762:14:bld_printConfig	8	static
