../svl/src/svl_pdh.c:202:14:svl_pdhInit	16	static
../svl/src/svl_pdh.c:240:14:svl_pdhConfigure	24	static
../svl/src/svl_pdh.c:267:14:svl_pdhGetLibVersion	40	static
../svl/src/svl_pdh.c:309:25:svl_pdhGetSwInfo	24	static
../svl/src/svl_pdh.c:336:25:svl_pdhGetHwInfo	24	static
../svl/src/svl_pdh.c:363:25:svl_pdhGetBldCfg	24	static
../svl/src/svl_pdh.c:390:14:svl_pdhGetWifiCfg	24	static
../svl/src/svl_pdh.c:417:25:svl_pdhSetSwInfo	24	static
../svl/src/svl_pdh.c:444:14:svl_pdhSetHwInfo	24	static
../svl/src/svl_pdh.c:471:25:svl_pdhSetBldCfg	24	static
../svl/src/svl_pdh.c:498:14:svl_pdhSetWifiCfg	24	static
../svl/src/svl_pdh.c:528:19:svl_pdhSoftwareInfoReqMsgReceived	696	static
../svl/src/svl_pdh.c:554:19:svl_pdhHardwareInfoReqMsgReceived	272	static
../svl/src/svl_pdh.c:574:19:svl_pdhWifiCfgReqMsgReceived	128	static
../svl/src/svl_pdh.c:594:19:svl_pdhBldCfgReqMsgReceived	48	static
../svl/src/svl_pdh.c:614:19:svl_pdhSoftwareInfoSetMsgReceived	704	static
../svl/src/svl_pdh.c:637:19:svl_pdhHardwareInfoSetMsgReceived	272	static
../svl/src/svl_pdh.c:660:19:svl_pdhWifiCfgSetMsgReceived	128	static
../svl/src/svl_pdh.c:683:19:svl_pdhBldCfgSetMsgReceived	64	static
