../svl/src/svl_sdh.c:311:14:svl_sdhInit	16	static
../svl/src/svl_sdh.c:352:14:svl_sdhConfigure	24	static
../svl/src/svl_sdh.c:379:14:svl_sdhGetBinaryData	32	static
../svl/src/svl_sdh.c:420:14:svl_sdhSetBinaryData	32	static
../svl/src/svl_sdh.c:461:14:svl_sdhReadBytesFromMemory	32	static
../svl/src/svl_sdh.c:484:19:svl_sdhDaemon	368	static
../svl/src/svl_sdh.c:867:19:svl_sdhSysmonBinaryNumReqCallback	120	static
../svl/src/svl_sdh.c:894:19:svl_sdhSysmonBinaryInfoReqCallback	120	static
../svl/src/svl_sdh.c:923:19:svl_sdhSysmonDownloadReqCallback	120	static
../svl/src/svl_sdh.c:952:19:svl_sdhSysmonBinaryChunkReqCallback	120	static
../svl/src/svl_sdh.c:981:19:svl_sdhSysmonSoftwareInstallReqCallback	120	static
../svl/src/svl_sdh.c:1010:19:svl_sdhSysmonBinaryEraseReqCallback	120	static
../svl/src/svl_sdh.c:1039:19:svl_sdhIplBinaryNumReqCallback	128	static
../svl/src/svl_sdh.c:1061:19:svl_sdhIplBinaryInfoReqCallback	128	static
../svl/src/svl_sdh.c:1085:19:svl_sdhIplDownloadReqCallback	128	static
../svl/src/svl_sdh.c:1109:19:svl_sdhIplBinaryChunkReqCallback	128	static
../svl/src/svl_sdh.c:1143:19:svl_sdhIplSoftwareInstallReqCallback	128	static
../svl/src/svl_sdh.c:1167:19:svl_sdhIplBinaryEraseReqCallback	128	static
